[gamestoreapp.com/en/index.html]
[backblue.gif]
[fade.gif]
[index.html]
[gamestoreapp.com/en/img/logo.png]
[gamestoreapp.com/en/js/modernizr-2.6.2.min.js]
[gamestoreapp.com/en/index-2.html]
[gamestoreapp.com/en/img/flag/united_kingdom.png]
[gamestoreapp.com/en/img/flag/germany.png]
[gamestoreapp.com/en/img/header-gamestore-characters.png]
[gamestoreapp.com/en/img/gamestore-seals.png]
[gamestoreapp.com/en/img/whyus-gamestore.png]
[gamestoreapp.com/en/video/GAME_STORE_VIDEO.mp4]
[gamestoreapp.com/en/img/subscribe-gamestore.png]
[gamestoreapp.com/en/img/games-cut-the-rope.jpg]
[gamestoreapp.com/en/img/games-cut-the-rope-hover.jpg]
[gamestoreapp.com/en/img/games-call-of-duty-black-ops.jpg]
[gamestoreapp.com/en/img/games-call-of-duty-black-ops-hover.jpg]
[gamestoreapp.com/en/img/games-rayman-jungle-run.jpg]
[gamestoreapp.com/en/img/games-rayman-jungle-run-hover.jpg]
[gamestoreapp.com/en/img/games-tomb-raider.jpg]
[gamestoreapp.com/en/img/games-tomb-raider-hover.jpg]
[gamestoreapp.com/en/img/games-table-top-racing.jpg]
[gamestoreapp.com/en/img/games-table-top-racing-hover.jpg]
[gamestoreapp.com/en/img/games-pac-man-dx.jpg]
[gamestoreapp.com/en/img/games-pac-man-dx-hover.jpg]
[gamestoreapp.com/en/img/games-subway-surfers.jpg]
[gamestoreapp.com/en/img/games-subway-surfers-hover.jpg]
[gamestoreapp.com/en/img/games-r-type.jpg]
[gamestoreapp.com/en/img/games-r-type-hover.jpg]
[gamestoreapp.com/en/img/games-king-of-thieves.jpg]
[gamestoreapp.com/en/img/games-king-of-thieves-hover.jpg]
[gamestoreapp.com/en/img/community-gamestore.png]
[gamestoreapp.com/en/legalnotice.html]
[gamestoreapp.com/en/js/jquery-3.2.1.min.js]
[gamestoreapp.com/en/js/bootstrap.min.js]
[gamestoreapp.com/en/js/owl.carousel.min.js]
[gamestoreapp.com/en/js/SmoothScroll.js]
[gamestoreapp.com/en/js/jquery.appear.js]
[gamestoreapp.com/en/js/jquery.countTo.js]
[gamestoreapp.com/en/js/jquery.magnific-popup.min.js]
[gamestoreapp.com/en/js/lity.min.js]
[gamestoreapp.com/en/js/wow.min.js]
[gamestoreapp.com/en/js/custom.js]
[gamestoreapp.com/en/index.html]
[gamestoreapp.com/en/fonts/glyphicons-halflings-regular.eot]
[gamestoreapp.com/en/fonts/glyphicons-halflings-regulard41d.eot]
[gamestoreapp.com/en/fonts/glyphicons-halflings-regular.woff2]
[gamestoreapp.com/en/fonts/glyphicons-halflings-regular.woff]
[gamestoreapp.com/en/fonts/glyphicons-halflings-regular.ttf]
[gamestoreapp.com/en/fonts/glyphicons-halflings-regular.svg]
[gamestoreapp.com/en/css/bootstrap.min.css]
[gamestoreapp.com/en/css/animate.min.css]
[gamestoreapp.com/en/css/magnific-popup.css]
[gamestoreapp.com/en/css/lity.min.css]
[gamestoreapp.com/en/css/owl.carousel.min.css]
[gamestoreapp.com/en/css/owl.theme.default.min.css]
[gamestoreapp.com/en/img/background_header.jpg]
[gamestoreapp.com/en/img/screenshots/screenshot_back_phone.png]
[gamestoreapp.com/en/css/style.css]
[gamestoreapp.com/en/index-2.html]
[gamestoreapp.com/en/img/background_testimonials.jpg]
[gamestoreapp.com/en/legalnotice.html]
[gamestoreapp.com/en/fonts/glyphicons-halflings-regular.html]
[gamestoreapp.com/en/fonts/glyphicons-halflings-regulard41d.html]
[gamestoreapp.com/en/fonts/glyphicons-halflings-regular-2.html]
[gamestoreapp.com/en/fonts/glyphicons-halflings-regular-3.html]
[gamestoreapp.com/en/fonts/glyphicons-halflings-regular-4.html]
[gamestoreapp.com/en/fonts/glyphicons-halflings-regular-5.html]
[gamestoreapp.com/en/css/owl.video.play.html]
[gamestoreapp.com/en/fonts/fontawesome-webfont3e6e.eot]
[gamestoreapp.com/en/fonts/fontawesome-webfontd41d.eot]
[gamestoreapp.com/en/fonts/fontawesome-webfont3e6e.woff]
[gamestoreapp.com/en/fonts/fontawesome-webfont3e6e.ttf]
[gamestoreapp.com/en/css/font-awesome.min.css]
[gamestoreapp.com/en/fonts/fontawesome-webfont3e6e.html]
[gamestoreapp.com/en/fonts/fontawesome-webfont3e6e.svg]
